[2026-08-17 22:33:09] SESSION  | Shell session started
[2026-08-17 22:33:09] COMMAND  | [SUCCESS] mkdir testlog
[2026-08-17 22:33:09] COMMAND  | [SUCCESS] cd testlog
[2026-08-17 22:33:09] COMMAND  | [SUCCESS] touch file.txt
[2026-08-17 22:33:09] COMMAND  | [SUCCESS] cat file.txt
[2026-08-17 22:33:09] SESSION  | Shell session ended
[2026-08-17 22:33:09] COMMAND  | [SUCCESS] exit
[2026-08-17 22:35:07] SESSION  | Shell session started
[2026-08-17 22:35:07] COMMAND  | [SUCCESS] config
[2026-08-17 22:35:07] COMMAND  | [SUCCESS] config get history_size
[2026-08-17 22:35:07] COMMAND  | [SUCCESS] config set history_size 500
[2026-08-17 22:35:07] COMMAND  | [SUCCESS] config get history_size
[2026-08-17 22:35:07] SESSION  | Shell session ended
[2026-08-17 22:35:07] COMMAND  | [SUCCESS] exit
[2026-08-17 22:39:39] COMMAND  | [SUCCESS] pwd
[2026-08-17 22:39:39] COMMAND  | [SUCCESS] mkdir projects
[2026-08-17 22:39:39] COMMAND  | [SUCCESS] ls
[2026-08-17 22:39:39] COMMAND  | [SUCCESS] cd projects
[2026-08-17 22:39:39] COMMAND  | [SUCCESS] touch script.py
[2026-08-17 22:39:39] COMMAND  | [SUCCESS] echo print('Hello') > script.py
[2026-08-17 22:39:39] COMMAND  | [SUCCESS] cat script.py
[2026-08-17 22:39:39] COMMAND  | [SUCCESS] mkdir data
[2026-08-17 22:39:39] COMMAND  | [SUCCESS] ls
[2026-08-17 22:39:39] COMMAND  | [SUCCESS] cd data
[2026-08-17 22:39:39] COMMAND  | [SUCCESS] pwd
[2026-08-17 22:39:39] COMMAND  | [SUCCESS] cd ..
[2026-08-17 22:39:39] COMMAND  | [SUCCESS] pwd
[2026-08-17 22:39:39] COMMAND  | [SUCCESS] cp script.py backup.py
[2026-08-17 22:39:39] COMMAND  | [SUCCESS] ls
[2026-08-17 22:39:39] COMMAND  | [SUCCESS] mv backup.py script_backup.py
[2026-08-17 22:39:39] COMMAND  | [SUCCESS] rm data -r
[2026-08-17 22:39:39] COMMAND  | [SUCCESS] cd /
[2026-08-17 22:39:39] COMMAND  | [SUCCESS] pwd
[2026-08-17 22:39:39] COMMAND  | [SUCCESS] ls
[2026-08-17 22:39:39] COMMAND  | [SUCCESS] help
[2026-08-17 22:40:44] COMMAND  | [SUCCESS] pwd
[2026-08-17 22:40:44] COMMAND  | [SUCCESS] mkdir projects
[2026-08-17 22:40:44] COMMAND  | [SUCCESS] ls
[2026-08-17 22:40:44] COMMAND  | [SUCCESS] cd projects
[2026-08-17 22:40:44] COMMAND  | [SUCCESS] touch script.py
[2026-08-17 22:40:44] COMMAND  | [SUCCESS] echo print('Hello') > script.py
[2026-08-17 22:40:44] COMMAND  | [SUCCESS] cat script.py
[2026-08-17 22:40:44] COMMAND  | [SUCCESS] mkdir data
[2026-08-17 22:40:44] COMMAND  | [SUCCESS] ls
[2026-08-17 22:40:44] COMMAND  | [SUCCESS] cd data
[2026-08-17 22:40:44] COMMAND  | [SUCCESS] pwd
[2026-08-17 22:40:44] COMMAND  | [SUCCESS] cd ..
[2026-08-17 22:40:44] COMMAND  | [SUCCESS] pwd
[2026-08-17 22:40:44] COMMAND  | [SUCCESS] cp script.py backup.py
[2026-08-17 22:40:44] COMMAND  | [SUCCESS] ls
[2026-08-17 22:40:44] COMMAND  | [SUCCESS] mv backup.py script_backup.py
[2026-08-17 22:40:44] COMMAND  | [SUCCESS] rm data -r
[2026-08-17 22:40:44] COMMAND  | [SUCCESS] cd /
[2026-08-17 22:40:44] COMMAND  | [SUCCESS] pwd
[2026-08-17 22:40:44] COMMAND  | [SUCCESS] ls
[2026-08-17 22:40:44] COMMAND  | [SUCCESS] help
[2026-08-17 22:45:09] COMMAND  | [SUCCESS] pwd
[2026-08-17 22:45:09] COMMAND  | [SUCCESS] mkdir projects
[2026-08-17 22:45:09] COMMAND  | [SUCCESS] ls
[2026-08-17 22:45:09] COMMAND  | [SUCCESS] cd projects
[2026-08-17 22:45:09] COMMAND  | [SUCCESS] touch script.py
[2026-08-17 22:45:09] COMMAND  | [SUCCESS] echo print('Hello') > script.py
[2026-08-17 22:45:09] COMMAND  | [SUCCESS] cat script.py
[2026-08-17 22:45:09] COMMAND  | [SUCCESS] mkdir data
[2026-08-17 22:45:09] COMMAND  | [SUCCESS] ls
[2026-08-17 22:45:09] COMMAND  | [SUCCESS] cd data
[2026-08-17 22:45:09] COMMAND  | [SUCCESS] pwd
[2026-08-17 22:45:09] COMMAND  | [SUCCESS] cd ..
[2026-08-17 22:45:09] COMMAND  | [SUCCESS] pwd
[2026-08-17 22:45:09] COMMAND  | [SUCCESS] cp script.py backup.py
[2026-08-17 22:45:09] COMMAND  | [SUCCESS] ls
[2026-08-17 22:45:09] COMMAND  | [SUCCESS] mv backup.py script_backup.py
[2026-08-17 22:45:09] COMMAND  | [SUCCESS] rm data -r
[2026-08-17 22:45:09] COMMAND  | [SUCCESS] cd /
[2026-08-17 22:45:09] COMMAND  | [SUCCESS] pwd
[2026-08-17 22:45:09] COMMAND  | [SUCCESS] ls
[2026-08-17 22:45:09] COMMAND  | [SUCCESS] help
[2026-08-17 22:51:09] SESSION  | Shell session started
[2026-08-17 22:52:44] COMMAND  | [SUCCESS] ls
[2026-08-17 22:52:48] COMMAND  | [SUCCESS] pwd
[2026-08-17 22:53:06] COMMAND  | [SUCCESS] mkdir Projects
[2026-08-17 22:53:16] COMMAND  | [SUCCESS] ls
[2026-08-17 22:53:33] COMMAND  | [SUCCESS] cd Projects
[2026-08-17 22:53:38] COMMAND  | [SUCCESS] cd ..
[2026-08-17 22:53:49] COMMAND  | [FAILED] rmdir Projects
[2026-08-17 22:53:49] ERROR    | Unknown command: rmdir
[2026-08-17 22:54:06] COMMAND  | [FAILED] rmdir Projects
[2026-08-17 22:54:06] ERROR    | Unknown command: rmdir
[2026-08-17 22:54:34] COMMAND  | [SUCCESS] touch
[2026-08-17 22:56:13] COMMAND  | [SUCCESS] ls -a
[2026-08-17 23:06:06] COMMAND  | [SUCCESS] pwd
[2026-08-17 23:06:06] COMMAND  | [SUCCESS] mkdir projects
[2026-08-17 23:06:06] COMMAND  | [SUCCESS] ls
[2026-08-17 23:06:06] COMMAND  | [SUCCESS] cd projects
[2026-08-17 23:06:06] COMMAND  | [SUCCESS] touch script.py
[2026-08-17 23:06:06] COMMAND  | [SUCCESS] echo print('Hello') > script.py
[2026-08-17 23:06:06] COMMAND  | [SUCCESS] cat script.py
[2026-08-17 23:06:06] COMMAND  | [SUCCESS] mkdir data
[2026-08-17 23:06:06] COMMAND  | [SUCCESS] ls
[2026-08-17 23:06:06] COMMAND  | [SUCCESS] cd data
[2026-08-17 23:06:06] COMMAND  | [SUCCESS] pwd
[2026-08-17 23:06:06] COMMAND  | [SUCCESS] cd ..
[2026-08-17 23:06:06] COMMAND  | [SUCCESS] pwd
[2026-08-17 23:06:06] COMMAND  | [SUCCESS] cp script.py backup.py
[2026-08-17 23:06:06] COMMAND  | [SUCCESS] ls
[2026-08-17 23:06:06] COMMAND  | [SUCCESS] mv backup.py script_backup.py
[2026-08-17 23:06:06] COMMAND  | [SUCCESS] rm data -r
[2026-08-17 23:06:06] COMMAND  | [SUCCESS] cd /
[2026-08-17 23:06:06] COMMAND  | [SUCCESS] pwd
[2026-08-17 23:06:06] COMMAND  | [SUCCESS] ls
[2026-08-17 23:06:06] COMMAND  | [SUCCESS] help
[2026-08-17 23:07:11] SESSION  | Shell session started
[2026-08-17 23:07:15] COMMAND  | [SUCCESS] ls
[2026-08-17 23:07:30] COMMAND  | [SUCCESS] pwd
[2026-08-17 23:15:43] COMMAND  | [SUCCESS] pwd
[2026-08-17 23:15:43] COMMAND  | [SUCCESS] ls
[2026-08-17 23:15:43] COMMAND  | [SUCCESS] mkdir projects
[2026-08-17 23:15:43] COMMAND  | [SUCCESS] ls
[2026-08-17 23:15:43] COMMAND  | [SUCCESS] cd projects
[2026-08-17 23:15:43] COMMAND  | [SUCCESS] pwd
[2026-08-17 23:17:53] SESSION  | Shell session started
[2026-08-17 23:18:00] COMMAND  | [SUCCESS] ls
[2026-08-17 23:18:04] COMMAND  | [SUCCESS] pwd
[2026-08-17 23:18:20] COMMAND  | [SUCCESS] cat punas
[2026-08-17 23:18:26] COMMAND  | [FAILED] cat>>punas
[2026-08-17 23:18:26] ERROR    | Unknown command: cat>>punas
[2026-08-17 23:18:41] COMMAND  | [SUCCESS] cat >>punas
[2026-08-17 23:18:46] COMMAND  | [SUCCESS] cat > punas
